2025-12-10 15:34:10,203:DEBUG:certbot._internal.main:certbot version: 5.1.0
2025-12-10 15:34:10,204:DEBUG:certbot._internal.main:Location of certbot entry point: /opt/certbot/bin/certbot
2025-12-10 15:34:10,204:DEBUG:certbot._internal.main:Arguments: ['--config', '/etc/letsencrypt.ini', '--work-dir', '/tmp/letsencrypt-lib', '--logs-dir', '/data/logs', '--cert-name', 'npm-1', '--agree-tos', '--authenticator', 'webroot', '-m', 'matthew.tinkham@maine.edu', '--preferred-challenges', 'http', '--domains', 'reighkugol.com']
2025-12-10 15:34:10,204:DEBUG:certbot._internal.main:Discovered plugins: PluginsRegistry(PluginEntryPoint#manual,PluginEntryPoint#null,PluginEntryPoint#standalone,PluginEntryPoint#webroot)
2025-12-10 15:34:10,246:DEBUG:certbot._internal.log:Root logging level set at 30
2025-12-10 15:34:10,253:DEBUG:certbot._internal.plugins.selection:Requested authenticator webroot and installer None
2025-12-10 15:34:10,253:DEBUG:certbot._internal.plugins.selection:Single candidate plugin: * webroot
Description: Saves the necessary validation files to a .well-known/acme-challenge/ directory within the nominated webroot path. A separate HTTP server must be running and serving files from the webroot path. HTTP challenge only (wildcards not supported).
Interfaces: Authenticator, Plugin
Entry point: EntryPoint(name='webroot', value='certbot._internal.plugins.webroot:Authenticator', group='certbot.plugins')
Initialized: <certbot._internal.plugins.webroot.Authenticator object at 0x7f7b06d7f890>
Prep: True
2025-12-10 15:34:10,254:DEBUG:certbot._internal.plugins.selection:Selected authenticator <certbot._internal.plugins.webroot.Authenticator object at 0x7f7b06d7f890> and installer None
2025-12-10 15:34:10,254:INFO:certbot._internal.plugins.selection:Plugins selected: Authenticator webroot, Installer None
2025-12-10 15:34:10,323:DEBUG:acme.client:Sending GET request to https://acme-v02.api.letsencrypt.org/directory.
2025-12-10 15:34:10,327:DEBUG:urllib3.connectionpool:Starting new HTTPS connection (1): acme-v02.api.letsencrypt.org:443
2025-12-10 15:34:10,600:DEBUG:urllib3.connectionpool:https://acme-v02.api.letsencrypt.org:443 "GET /directory HTTP/1.1" 200 1063
2025-12-10 15:34:10,601:DEBUG:acme.client:Received response:
HTTP 200
Server: nginx
Date: Wed, 10 Dec 2025 15:34:10 GMT
Content-Type: application/json
Content-Length: 1063
Connection: keep-alive
Cache-Control: public, max-age=0, no-cache
X-Frame-Options: DENY
Strict-Transport-Security: max-age=604800

{
  "fHuQQp6nkkA": "https://community.letsencrypt.org/t/adding-random-entries-to-the-directory/33417",
  "keyChange": "https://acme-v02.api.letsencrypt.org/acme/key-change",
  "meta": {
    "caaIdentities": [
      "letsencrypt.org"
    ],
    "profiles": {
      "classic": "https://letsencrypt.org/docs/profiles#classic",
      "shortlived": "https://letsencrypt.org/docs/profiles#shortlived (not yet generally available)",
      "tlsclient": "https://letsencrypt.org/docs/profiles#tlsclient",
      "tlsserver": "https://letsencrypt.org/docs/profiles#tlsserver"
    },
    "termsOfService": "https://letsencrypt.org/documents/LE-SA-v1.6-August-18-2025.pdf",
    "website": "https://letsencrypt.org"
  },
  "newAccount": "https://acme-v02.api.letsencrypt.org/acme/new-acct",
  "newNonce": "https://acme-v02.api.letsencrypt.org/acme/new-nonce",
  "newOrder": "https://acme-v02.api.letsencrypt.org/acme/new-order",
  "renewalInfo": "https://acme-v02.api.letsencrypt.org/acme/renewal-info",
  "revokeCert": "https://acme-v02.api.letsencrypt.org/acme/revoke-cert"
}
2025-12-10 15:34:10,601:DEBUG:acme.client:Requesting fresh nonce
2025-12-10 15:34:10,602:DEBUG:acme.client:Sending HEAD request to https://acme-v02.api.letsencrypt.org/acme/new-nonce.
2025-12-10 15:34:10,655:DEBUG:urllib3.connectionpool:https://acme-v02.api.letsencrypt.org:443 "HEAD /acme/new-nonce HTTP/1.1" 200 0
2025-12-10 15:34:10,655:DEBUG:acme.client:Received response:
HTTP 200
Server: nginx
Date: Wed, 10 Dec 2025 15:34:10 GMT
Connection: keep-alive
Cache-Control: public, max-age=0, no-cache
Link: <https://acme-v02.api.letsencrypt.org/directory>;rel="index"
Replay-Nonce: 61kU_lFIE3hhK96u7MbiVfs1YnUibd_RIFakI2DVbDap06_Uc70
X-Frame-Options: DENY
Strict-Transport-Security: max-age=604800


2025-12-10 15:34:10,656:DEBUG:acme.client:Storing nonce: 61kU_lFIE3hhK96u7MbiVfs1YnUibd_RIFakI2DVbDap06_Uc70
2025-12-10 15:34:10,656:DEBUG:acme.client:JWS payload:
b'{\n  "contact": [\n    "mailto:matthew.tinkham@maine.edu"\n  ],\n  "termsOfServiceAgreed": true\n}'
2025-12-10 15:34:10,662:DEBUG:acme.client:Sending POST request to https://acme-v02.api.letsencrypt.org/acme/new-acct:
{
  "protected": "eyJhbGciOiAiUlMyNTYiLCAiandrIjogeyJuIjogIm1VaER3RDJzUE5ia2hONVlTZnFFWFZjTU1sNjNxZkVlcmhUb3BjX3VpUEtFdGZpS2xCcFlGT3FoTWNZcm53Yl9lUzJPWU1qSHlfNEVRWlkyRmV4clpwMFl4bkh5UzJ5UHdpU0RuWEhuQ1dSUW9UWVBIdThJck4ySDZXN0RpVTBPUmtmLXlmMzRxckhDTm5lU0lXcHlvZDI2ejhVekNYSDh1cDBtcXZRUkFybTQ1a1Q3cWpQQU1WSFc0LW1XTm5ybkdGWHRKSmMxR3ltZGVJTFBNUm5OQ0Z6amp4WGxWbWxGbm9xWU5LZ0pNZERvUEU4NVQ2dVlCaE5FREU2akdhTlNNdlFYLTJOUHNQX3g5X0lWQUNwTnVyTldhV2ltU0hiS0Jic2dTd0psZVl2ZEpuR3lHcXJQZ1A2SlliREtfcEFnTnJRYXlrUWM2b29tUUtlR2MtNXJIUSIsICJlIjogIkFRQUIiLCAia3R5IjogIlJTQSJ9LCAibm9uY2UiOiAiNjFrVV9sRklFM2hoSzk2dTdNYmlWZnMxWW5VaWJkX1JJRmFrSTJEVmJEYXAwNl9VYzcwIiwgInVybCI6ICJodHRwczovL2FjbWUtdjAyLmFwaS5sZXRzZW5jcnlwdC5vcmcvYWNtZS9uZXctYWNjdCJ9",
  "signature": "hmBHtpbob-HyO41rYWYpSYtn0-p3Uh-54bbFl9vXW1xLbtxlISBLlply_ft_t-AX3r13Pz_3IaN3f7pAJWcaK-LBldnrJVoaDKjcw-36aQ4XofeITffn-0ytn7Nsh1GmCy4gmo0U4uFz6utEeEev_JiBdWdFisa95NDiTa5uMIlapQ5Ngw5QpjGCz3oK3FC4yDL4W1bfK5XdKizpV0HU_Nme9UB-74vJBg0Diva6ytxBhFni4KJUu_fslX5Q_hnl1fmfFZFGUNlXEY__JHvimHE05TZqC5LXz9vxMVWLOJ42lBUmxQeDpOiwhQoMSSrD7uE9jLpYxjr1nML578ApsA",
  "payload": "ewogICJjb250YWN0IjogWwogICAgIm1haWx0bzptYXR0aGV3LnRpbmtoYW1AbWFpbmUuZWR1IgogIF0sCiAgInRlcm1zT2ZTZXJ2aWNlQWdyZWVkIjogdHJ1ZQp9"
}
2025-12-10 15:34:10,761:DEBUG:urllib3.connectionpool:https://acme-v02.api.letsencrypt.org:443 "POST /acme/new-acct HTTP/1.1" 201 477
2025-12-10 15:34:10,762:DEBUG:acme.client:Received response:
HTTP 201
Server: nginx
Date: Wed, 10 Dec 2025 15:34:10 GMT
Content-Type: application/json
Content-Length: 477
Connection: keep-alive
Boulder-Requester: 2867133996
Cache-Control: public, max-age=0, no-cache
Link: <https://acme-v02.api.letsencrypt.org/directory>;rel="index", <https://letsencrypt.org/documents/LE-SA-v1.6-August-18-2025.pdf>;rel="terms-of-service"
Location: https://acme-v02.api.letsencrypt.org/acme/acct/2867133996
Replay-Nonce: 61kU_lFIJ687qgVuaLgTvTU0z5HZYRU5QmDoSoUk8DksHMpao9A
X-Frame-Options: DENY
Strict-Transport-Security: max-age=604800

{
  "key": {
    "kty": "RSA",
    "n": "mUhDwD2sPNbkhN5YSfqEXVcMMl63qfEerhTopc_uiPKEtfiKlBpYFOqhMcYrnwb_eS2OYMjHy_4EQZY2FexrZp0YxnHyS2yPwiSDnXHnCWRQoTYPHu8IrN2H6W7DiU0ORkf-yf34qrHCNneSIWpyod26z8UzCXH8up0mqvQRArm45kT7qjPAMVHW4-mWNnrnGFXtJJc1GymdeILPMRnNCFzjjxXlVmlFnoqYNKgJMdDoPE85T6uYBhNEDE6jGaNSMvQX-2NPsP_x9_IVACpNurNWaWimSHbKBbsgSwJleYvdJnGyGqrPgP6JYbDK_pAgNrQaykQc6oomQKeGc-5rHQ",
    "e": "AQAB"
  },
  "createdAt": "2025-12-10T15:34:10.731519651Z",
  "status": "valid"
}
2025-12-10 15:34:10,762:DEBUG:acme.client:Storing nonce: 61kU_lFIJ687qgVuaLgTvTU0z5HZYRU5QmDoSoUk8DksHMpao9A
2025-12-10 15:34:10,764:DEBUG:certbot._internal.display.obj:Notifying user: Account registered.
2025-12-10 15:34:10,765:DEBUG:certbot._internal.main:Picked account: <Account(RegistrationResource(body=Registration(key=JWKRSA(key=<ComparableRSAKey(<cryptography.hazmat.bindings._rust.openssl.rsa.RSAPublicKey object at 0x7f7b05c5e830>)>), contact=(), agreement=None, status='valid', terms_of_service_agreed=None, only_return_existing=None, external_account_binding=None), uri='https://acme-v02.api.letsencrypt.org/acme/acct/2867133996', new_authzr_uri=None, terms_of_service='https://letsencrypt.org/documents/LE-SA-v1.6-August-18-2025.pdf'), 0a0c5fa64937f147fd2f91079592ad3a, Meta(creation_dt=datetime.datetime(2025, 12, 10, 15, 34, 10, tzinfo=datetime.timezone.utc), creation_host='dd5341bc2728', register_to_eff=None))>
2025-12-10 15:34:10,766:DEBUG:certbot._internal.display.obj:Notifying user: Requesting a certificate for reighkugol.com
2025-12-10 15:34:10,776:DEBUG:acme.client:JWS payload:
b'{\n  "identifiers": [\n    {\n      "type": "dns",\n      "value": "reighkugol.com"\n    }\n  ]\n}'
2025-12-10 15:34:10,778:DEBUG:acme.client:Sending POST request to https://acme-v02.api.letsencrypt.org/acme/new-order:
{
  "protected": "eyJhbGciOiAiUlMyNTYiLCAia2lkIjogImh0dHBzOi8vYWNtZS12MDIuYXBpLmxldHNlbmNyeXB0Lm9yZy9hY21lL2FjY3QvMjg2NzEzMzk5NiIsICJub25jZSI6ICI2MWtVX2xGSUo2ODdxZ1Z1YUxnVHZUVTB6NUhaWVJVNVFtRG9Tb1VrOERrc0hNcGFvOUEiLCAidXJsIjogImh0dHBzOi8vYWNtZS12MDIuYXBpLmxldHNlbmNyeXB0Lm9yZy9hY21lL25ldy1vcmRlciJ9",
  "signature": "CsGkeWvwlWNrIV1bNuq7rAbO1jUzHH4-2qqymSuc7ziRZa8yc3TcGrOQDPOEzv8qFccZlWgHiTkOosLq6IanoCajn8ARsvg0-hCktaDgvHKItfGcNI95iai9kbXkhVfbmOhTSGotc4TlzgJ7_rq7BWZOu72ivUm-28e9wx1TF55gaAvxJRJQlUaplzFKQmQypap25uD1RXnQj71FHGrpPX39tEn6_tWLIKKRGmfNiy4zSuCTYKdS7c6Pvn1hXhI3Sz1lBgvV9IOYFqNZ1F7QZG4S5ICBerOhhe4QbMAIrGK9CIfxojscbSSyrbeF-nBSKBARUtyAd19xFJS6r9ICag",
  "payload": "ewogICJpZGVudGlmaWVycyI6IFsKICAgIHsKICAgICAgInR5cGUiOiAiZG5zIiwKICAgICAgInZhbHVlIjogInJlaWdoa3Vnb2wuY29tIgogICAgfQogIF0KfQ"
}
2025-12-10 15:34:10,860:DEBUG:urllib3.connectionpool:https://acme-v02.api.letsencrypt.org:443 "POST /acme/new-order HTTP/1.1" 201 348
2025-12-10 15:34:10,861:DEBUG:acme.client:Received response:
HTTP 201
Server: nginx
Date: Wed, 10 Dec 2025 15:34:10 GMT
Content-Type: application/json
Content-Length: 348
Connection: keep-alive
Boulder-Requester: 2867133996
Cache-Control: public, max-age=0, no-cache
Link: <https://acme-v02.api.letsencrypt.org/directory>;rel="index"
Location: https://acme-v02.api.letsencrypt.org/acme/order/2867133996/457432464366
Replay-Nonce: 61kU_lFITrYvdJZmdvhmj2tRAA5a4snqJ6z_mW6bpwqCd1f-ETI
X-Frame-Options: DENY
Strict-Transport-Security: max-age=604800

{
  "status": "pending",
  "expires": "2025-12-17T15:34:10Z",
  "identifiers": [
    {
      "type": "dns",
      "value": "reighkugol.com"
    }
  ],
  "authorizations": [
    "https://acme-v02.api.letsencrypt.org/acme/authz/2867133996/625486871566"
  ],
  "finalize": "https://acme-v02.api.letsencrypt.org/acme/finalize/2867133996/457432464366"
}
2025-12-10 15:34:10,861:DEBUG:acme.client:Storing nonce: 61kU_lFITrYvdJZmdvhmj2tRAA5a4snqJ6z_mW6bpwqCd1f-ETI
2025-12-10 15:34:10,862:DEBUG:acme.client:JWS payload:
b''
2025-12-10 15:34:10,863:DEBUG:acme.client:Sending POST request to https://acme-v02.api.letsencrypt.org/acme/authz/2867133996/625486871566:
{
  "protected": "eyJhbGciOiAiUlMyNTYiLCAia2lkIjogImh0dHBzOi8vYWNtZS12MDIuYXBpLmxldHNlbmNyeXB0Lm9yZy9hY21lL2FjY3QvMjg2NzEzMzk5NiIsICJub25jZSI6ICI2MWtVX2xGSVRyWXZkSlptZHZobWoydFJBQTVhNHNucUo2el9tVzZicHdxQ2QxZi1FVEkiLCAidXJsIjogImh0dHBzOi8vYWNtZS12MDIuYXBpLmxldHNlbmNyeXB0Lm9yZy9hY21lL2F1dGh6LzI4NjcxMzM5OTYvNjI1NDg2ODcxNTY2In0",
  "signature": "j1EqYvtxVg-DscM1fhTCP2Nlb-xuBu3wwZSi4gAgJqd8ZcqRD2O4-a0rMPyyXFKH7PtFaexcfVtXydzb7LYOc1OZ0W_r4T3XRlxxtuEdn17uvf50VPz3AFdy076xtv_xwYwMP5rJHefGVsgCGejpxGJTiGPIKfPIIkn2YS5bjml--OLyT1e15G3Wxh-N7Ohppm_HfZGE8geW44r-P0tGS9zBaSjtxdYtsH_5WjibsgtN-iHp_zRldFDPhbxk-1zNvROTdhDC6obZpWJNagrx8GylUrN2WMTUSL8b4SJR69hWkAtwapRnEgFXgYZNRcrwQSfJkUnWrZusUlLjwbNAng",
  "payload": ""
}
2025-12-10 15:34:10,920:DEBUG:urllib3.connectionpool:https://acme-v02.api.letsencrypt.org:443 "POST /acme/authz/2867133996/625486871566 HTTP/1.1" 200 822
2025-12-10 15:34:10,921:DEBUG:acme.client:Received response:
HTTP 200
Server: nginx
Date: Wed, 10 Dec 2025 15:34:10 GMT
Content-Type: application/json
Content-Length: 822
Connection: keep-alive
Boulder-Requester: 2867133996
Cache-Control: public, max-age=0, no-cache
Link: <https://acme-v02.api.letsencrypt.org/directory>;rel="index"
Replay-Nonce: vDSEep9oa5m1d6YMTKZHc6rJ7ebxAYbloDjiptU0_KC8TSaEqtM
X-Frame-Options: DENY
Strict-Transport-Security: max-age=604800

{
  "identifier": {
    "type": "dns",
    "value": "reighkugol.com"
  },
  "status": "pending",
  "expires": "2025-12-17T15:34:10Z",
  "challenges": [
    {
      "type": "http-01",
      "url": "https://acme-v02.api.letsencrypt.org/acme/chall/2867133996/625486871566/ELrbmA",
      "status": "pending",
      "token": "T2xFGni9r6gQJL5meR57oLcq7oIZiPCIqCeMXpU9K7A"
    },
    {
      "type": "dns-01",
      "url": "https://acme-v02.api.letsencrypt.org/acme/chall/2867133996/625486871566/b_XRWw",
      "status": "pending",
      "token": "T2xFGni9r6gQJL5meR57oLcq7oIZiPCIqCeMXpU9K7A"
    },
    {
      "type": "tls-alpn-01",
      "url": "https://acme-v02.api.letsencrypt.org/acme/chall/2867133996/625486871566/rwadPA",
      "status": "pending",
      "token": "T2xFGni9r6gQJL5meR57oLcq7oIZiPCIqCeMXpU9K7A"
    }
  ]
}
2025-12-10 15:34:10,921:DEBUG:acme.client:Storing nonce: vDSEep9oa5m1d6YMTKZHc6rJ7ebxAYbloDjiptU0_KC8TSaEqtM
2025-12-10 15:34:10,922:DEBUG:acme.challenges:tls-alpn-01 was not recognized, full message: {'type': 'tls-alpn-01', 'url': 'https://acme-v02.api.letsencrypt.org/acme/chall/2867133996/625486871566/rwadPA', 'status': 'pending', 'token': 'T2xFGni9r6gQJL5meR57oLcq7oIZiPCIqCeMXpU9K7A'}
2025-12-10 15:34:10,922:INFO:certbot._internal.auth_handler:Performing the following challenges:
2025-12-10 15:34:10,922:INFO:certbot._internal.auth_handler:http-01 challenge for reighkugol.com
2025-12-10 15:34:10,923:INFO:certbot._internal.plugins.webroot:Using the webroot path /data/letsencrypt-acme-challenge for all unmatched domains.
2025-12-10 15:34:10,923:DEBUG:certbot._internal.plugins.webroot:Creating root challenges validation dir at /data/letsencrypt-acme-challenge/.well-known/acme-challenge
2025-12-10 15:34:10,925:DEBUG:certbot._internal.plugins.webroot:Attempting to save validation to /data/letsencrypt-acme-challenge/.well-known/acme-challenge/T2xFGni9r6gQJL5meR57oLcq7oIZiPCIqCeMXpU9K7A
2025-12-10 15:34:10,925:DEBUG:acme.client:JWS payload:
b'{}'
2025-12-10 15:34:10,927:DEBUG:acme.client:Sending POST request to https://acme-v02.api.letsencrypt.org/acme/chall/2867133996/625486871566/ELrbmA:
{
  "protected": "eyJhbGciOiAiUlMyNTYiLCAia2lkIjogImh0dHBzOi8vYWNtZS12MDIuYXBpLmxldHNlbmNyeXB0Lm9yZy9hY21lL2FjY3QvMjg2NzEzMzk5NiIsICJub25jZSI6ICJ2RFNFZXA5b2E1bTFkNllNVEtaSGM2cko3ZWJ4QVlibG9EamlwdFUwX0tDOFRTYUVxdE0iLCAidXJsIjogImh0dHBzOi8vYWNtZS12MDIuYXBpLmxldHNlbmNyeXB0Lm9yZy9hY21lL2NoYWxsLzI4NjcxMzM5OTYvNjI1NDg2ODcxNTY2L0VMcmJtQSJ9",
  "signature": "W1yB0z5TI1MuaHw-h_EzXqaG115DufnLsyZv3SbsfPQPPeaj_bHUxkdrJj8OzhaOrP80rW5uxYLgx0BZs4HTe6o1k6iclfQE37elMaN88h0PX43Q4bnBXZWwKjyKvSr6WcfRNdTprzz1ZsBXzYNut79WbqS2n96VgHkMQdWo8buCZ7B5URuuU82Raf-kbru5QlUeuKBl007efttOhHoA3NQAlyzBwni2JA6nFNsdZtT_WSAZ5QGkfXa9wH-yOB2VmGKOdPowgSQYBlRpniQhesXkF8NM8rLXLrs5DkKkyg5Wq8aHKutku0BW5gUQytO0hjxZ8JKmBsbASLje2DekmQ",
  "payload": "e30"
}
2025-12-10 15:34:10,986:DEBUG:urllib3.connectionpool:https://acme-v02.api.letsencrypt.org:443 "POST /acme/chall/2867133996/625486871566/ELrbmA HTTP/1.1" 200 195
2025-12-10 15:34:10,986:DEBUG:acme.client:Received response:
HTTP 200
Server: nginx
Date: Wed, 10 Dec 2025 15:34:10 GMT
Content-Type: application/json
Content-Length: 195
Connection: keep-alive
Boulder-Requester: 2867133996
Cache-Control: public, max-age=0, no-cache
Link: <https://acme-v02.api.letsencrypt.org/directory>;rel="index", <https://acme-v02.api.letsencrypt.org/acme/authz/2867133996/625486871566>;rel="up"
Location: https://acme-v02.api.letsencrypt.org/acme/chall/2867133996/625486871566/ELrbmA
Replay-Nonce: vDSEep9o9FUL2t-RYbYGPy-HgdapEOYiCyfvttf52UnAD0Ifo0I
X-Frame-Options: DENY
Strict-Transport-Security: max-age=604800

{
  "type": "http-01",
  "url": "https://acme-v02.api.letsencrypt.org/acme/chall/2867133996/625486871566/ELrbmA",
  "status": "pending",
  "token": "T2xFGni9r6gQJL5meR57oLcq7oIZiPCIqCeMXpU9K7A"
}
2025-12-10 15:34:10,986:DEBUG:acme.client:Storing nonce: vDSEep9o9FUL2t-RYbYGPy-HgdapEOYiCyfvttf52UnAD0Ifo0I
2025-12-10 15:34:10,987:INFO:certbot._internal.auth_handler:Waiting for verification...
2025-12-10 15:34:11,987:DEBUG:acme.client:JWS payload:
b''
2025-12-10 15:34:11,990:DEBUG:acme.client:Sending POST request to https://acme-v02.api.letsencrypt.org/acme/authz/2867133996/625486871566:
{
  "protected": "eyJhbGciOiAiUlMyNTYiLCAia2lkIjogImh0dHBzOi8vYWNtZS12MDIuYXBpLmxldHNlbmNyeXB0Lm9yZy9hY21lL2FjY3QvMjg2NzEzMzk5NiIsICJub25jZSI6ICJ2RFNFZXA5bzlGVUwydC1SWWJZR1B5LUhnZGFwRU9ZaUN5ZnZ0dGY1MlVuQUQwSWZvMEkiLCAidXJsIjogImh0dHBzOi8vYWNtZS12MDIuYXBpLmxldHNlbmNyeXB0Lm9yZy9hY21lL2F1dGh6LzI4NjcxMzM5OTYvNjI1NDg2ODcxNTY2In0",
  "signature": "HHpD4bZaPYTZMOBMu-l_-h-VdjWjQMmC1md0VK2o5z_zIqNglUnlEu8ejwYSfgupMo2_clckOfvo-c1M4cm8p-KeV6XI668x8jlDygI8vYAI9K9v4q8UQW3xy6PWbgLEO509V4ZPRf_Wfm45n3nRPg9h28WtOr6ZJRAZWhV4IeZqfFa6J9jc3BNWGByzK_9BQqohsAkppjTGFok32mnUUUH02JNpsbqCc7NsfUqr5jA4EJIMxd746yKFBsXfHOtTIjpufaEfjxve6g5LOYKeh4k1L7PvT0msIn6twQGP3X2XFokPXCoVQbSIx3Eucl4fahYsdGJj-RPCK6uYWBd__w",
  "payload": ""
}
2025-12-10 15:34:12,046:DEBUG:urllib3.connectionpool:https://acme-v02.api.letsencrypt.org:443 "POST /acme/authz/2867133996/625486871566 HTTP/1.1" 200 822
2025-12-10 15:34:12,047:DEBUG:acme.client:Received response:
HTTP 200
Server: nginx
Date: Wed, 10 Dec 2025 15:34:12 GMT
Content-Type: application/json
Content-Length: 822
Connection: keep-alive
Boulder-Requester: 2867133996
Cache-Control: public, max-age=0, no-cache
Link: <https://acme-v02.api.letsencrypt.org/directory>;rel="index"
Replay-Nonce: 61kU_lFIsvAdjvl6d6w7GugwYNIi_-q2WIAf2Fzk9pqM7kFdNgg
X-Frame-Options: DENY
Strict-Transport-Security: max-age=604800

{
  "identifier": {
    "type": "dns",
    "value": "reighkugol.com"
  },
  "status": "pending",
  "expires": "2025-12-17T15:34:10Z",
  "challenges": [
    {
      "type": "http-01",
      "url": "https://acme-v02.api.letsencrypt.org/acme/chall/2867133996/625486871566/ELrbmA",
      "status": "pending",
      "token": "T2xFGni9r6gQJL5meR57oLcq7oIZiPCIqCeMXpU9K7A"
    },
    {
      "type": "dns-01",
      "url": "https://acme-v02.api.letsencrypt.org/acme/chall/2867133996/625486871566/b_XRWw",
      "status": "pending",
      "token": "T2xFGni9r6gQJL5meR57oLcq7oIZiPCIqCeMXpU9K7A"
    },
    {
      "type": "tls-alpn-01",
      "url": "https://acme-v02.api.letsencrypt.org/acme/chall/2867133996/625486871566/rwadPA",
      "status": "pending",
      "token": "T2xFGni9r6gQJL5meR57oLcq7oIZiPCIqCeMXpU9K7A"
    }
  ]
}
2025-12-10 15:34:12,047:DEBUG:acme.client:Storing nonce: 61kU_lFIsvAdjvl6d6w7GugwYNIi_-q2WIAf2Fzk9pqM7kFdNgg
2025-12-10 15:34:12,047:DEBUG:acme.challenges:tls-alpn-01 was not recognized, full message: {'type': 'tls-alpn-01', 'url': 'https://acme-v02.api.letsencrypt.org/acme/chall/2867133996/625486871566/rwadPA', 'status': 'pending', 'token': 'T2xFGni9r6gQJL5meR57oLcq7oIZiPCIqCeMXpU9K7A'}
2025-12-10 15:34:15,049:DEBUG:acme.client:JWS payload:
b''
2025-12-10 15:34:15,052:DEBUG:acme.client:Sending POST request to https://acme-v02.api.letsencrypt.org/acme/authz/2867133996/625486871566:
{
  "protected": "eyJhbGciOiAiUlMyNTYiLCAia2lkIjogImh0dHBzOi8vYWNtZS12MDIuYXBpLmxldHNlbmNyeXB0Lm9yZy9hY21lL2FjY3QvMjg2NzEzMzk5NiIsICJub25jZSI6ICI2MWtVX2xGSXN2QWRqdmw2ZDZ3N0d1Z3dZTklpXy1xMldJQWYyRnprOXBxTTdrRmROZ2ciLCAidXJsIjogImh0dHBzOi8vYWNtZS12MDIuYXBpLmxldHNlbmNyeXB0Lm9yZy9hY21lL2F1dGh6LzI4NjcxMzM5OTYvNjI1NDg2ODcxNTY2In0",
  "signature": "KP4uXKegFUJTz430vWIfiHo_gp6_lrdqnIIl5aAC6pjADf4rjAT8XnoP_srSHTadElE5sfCpGK-REpH98NYDT0H0hOeip1-Qx_yknFSDn-Sirb6ksZdXfYxFp3bxN16Vk-tjCldfvs2P-_1OON1S34Loe_o8CxvjYdV3aH4H9Sdwcf9Se7YhDMB59peC9x8gs7nt-BeXrxVCEFgc8zyu30DSb_crOBTAiny-FapZQcmFdJaH9VQNrjvx7DQCZXazOYchnddNsojUSom1hmTN6Ed-CEU4Z0nqLoewYxAb4WP2K22JE4D1Xs-ZcK01a70YlEYyH2vnKa_jXlRaU3ZCsA",
  "payload": ""
}
2025-12-10 15:34:15,108:DEBUG:urllib3.connectionpool:https://acme-v02.api.letsencrypt.org:443 "POST /acme/authz/2867133996/625486871566 HTTP/1.1" 200 767
2025-12-10 15:34:15,109:DEBUG:acme.client:Received response:
HTTP 200
Server: nginx
Date: Wed, 10 Dec 2025 15:34:15 GMT
Content-Type: application/json
Content-Length: 767
Connection: keep-alive
Boulder-Requester: 2867133996
Cache-Control: public, max-age=0, no-cache
Link: <https://acme-v02.api.letsencrypt.org/directory>;rel="index"
Replay-Nonce: vDSEep9odeDTjlADtTMtAHZfc2Ld6zwUBz690RPgIAHXPla9rDg
X-Frame-Options: DENY
Strict-Transport-Security: max-age=604800

{
  "identifier": {
    "type": "dns",
    "value": "reighkugol.com"
  },
  "status": "valid",
  "expires": "2026-01-09T15:34:12Z",
  "challenges": [
    {
      "type": "http-01",
      "url": "https://acme-v02.api.letsencrypt.org/acme/chall/2867133996/625486871566/ELrbmA",
      "status": "valid",
      "validated": "2025-12-10T15:34:10Z",
      "token": "T2xFGni9r6gQJL5meR57oLcq7oIZiPCIqCeMXpU9K7A",
      "validationRecord": [
        {
          "url": "http://reighkugol.com/.well-known/acme-challenge/T2xFGni9r6gQJL5meR57oLcq7oIZiPCIqCeMXpU9K7A",
          "hostname": "reighkugol.com",
          "port": "80",
          "addressesResolved": [
            "142.93.185.179"
          ],
          "addressUsed": "142.93.185.179"
        }
      ]
    }
  ]
}
2025-12-10 15:34:15,109:DEBUG:acme.client:Storing nonce: vDSEep9odeDTjlADtTMtAHZfc2Ld6zwUBz690RPgIAHXPla9rDg
2025-12-10 15:34:15,110:DEBUG:certbot._internal.error_handler:Calling registered functions
2025-12-10 15:34:15,110:INFO:certbot._internal.auth_handler:Cleaning up challenges
2025-12-10 15:34:15,110:DEBUG:certbot._internal.plugins.webroot:Removing /data/letsencrypt-acme-challenge/.well-known/acme-challenge/T2xFGni9r6gQJL5meR57oLcq7oIZiPCIqCeMXpU9K7A
2025-12-10 15:34:15,111:DEBUG:certbot._internal.plugins.webroot:All challenges cleaned up
2025-12-10 15:34:15,111:DEBUG:certbot._internal.client:CSR: CSR(file=None, data=b'-----BEGIN CERTIFICATE REQUEST-----\nMIIBJDCBqwIBADAAMHYwEAYHKoZIzj0CAQYFK4EEACIDYgAEWCZ16uou9hHpvAUz\nnhczntC7Olt9M18hwhz+rreFT2ckT3ocr+fvqk0gsgCBVU8x8Cp3Svqb8XmFt3Zn\nezaVcjnxPjCUENJb1baxWQN1SYzbSmpIadsVAn0qAk45Z+fEoCwwKgYJKoZIhvcN\nAQkOMR0wGzAZBgNVHREEEjAQgg5yZWlnaGt1Z29sLmNvbTAKBggqhkjOPQQDAgNo\nADBlAjEA1bBOkvkynp48vQi1sp3hQl9tzOXFCCE1Uyp2AwtxEYqm5VpiweAhh8fH\nMzS3hPQjAjBKdaUjSqUHo76SBbgs1prWBbxVLskPCfa7Zyw3MYnyZx0DhO3scoq0\nAxmgUQeCJAA=\n-----END CERTIFICATE REQUEST-----\n', form='pem')
2025-12-10 15:34:15,111:DEBUG:certbot._internal.client:Will poll for certificate issuance until 2025-12-10 15:35:45.111824
2025-12-10 15:34:15,112:DEBUG:acme.client:JWS payload:
b'{\n  "csr": "MIIBJDCBqwIBADAAMHYwEAYHKoZIzj0CAQYFK4EEACIDYgAEWCZ16uou9hHpvAUznhczntC7Olt9M18hwhz-rreFT2ckT3ocr-fvqk0gsgCBVU8x8Cp3Svqb8XmFt3ZnezaVcjnxPjCUENJb1baxWQN1SYzbSmpIadsVAn0qAk45Z-fEoCwwKgYJKoZIhvcNAQkOMR0wGzAZBgNVHREEEjAQgg5yZWlnaGt1Z29sLmNvbTAKBggqhkjOPQQDAgNoADBlAjEA1bBOkvkynp48vQi1sp3hQl9tzOXFCCE1Uyp2AwtxEYqm5VpiweAhh8fHMzS3hPQjAjBKdaUjSqUHo76SBbgs1prWBbxVLskPCfa7Zyw3MYnyZx0DhO3scoq0AxmgUQeCJAA"\n}'
2025-12-10 15:34:15,114:DEBUG:acme.client:Sending POST request to https://acme-v02.api.letsencrypt.org/acme/finalize/2867133996/457432464366:
{
  "protected": "eyJhbGciOiAiUlMyNTYiLCAia2lkIjogImh0dHBzOi8vYWNtZS12MDIuYXBpLmxldHNlbmNyeXB0Lm9yZy9hY21lL2FjY3QvMjg2NzEzMzk5NiIsICJub25jZSI6ICJ2RFNFZXA5b2RlRFRqbEFEdFRNdEFIWmZjMkxkNnp3VUJ6NjkwUlBnSUFIWFBsYTlyRGciLCAidXJsIjogImh0dHBzOi8vYWNtZS12MDIuYXBpLmxldHNlbmNyeXB0Lm9yZy9hY21lL2ZpbmFsaXplLzI4NjcxMzM5OTYvNDU3NDMyNDY0MzY2In0",
  "signature": "MES0T5djgGPYzVqc5QK4t2cBBog349Tu5YCjT_swRicAkhIqisEFN_G43A-yVCgsfFVqSmwM_aTHNpTvRnVZ11ZhZjyC9uhwkXowFHlZ27Ju8EuNV_Wpz0gAwJJERVFlch1j1ouqQ1Ogod5kufAYJ9QnWfHeFvst7N3NQ5d8he-SXvkCY9IJKNV2aaEW1U5IqwpVHqWSMplGprOyqCX2lp_UshxhNqfy33_igQZEEBa4cuUGAg4-A2PTCFs2kf4DEmclol1mUzhHofC5IjCgBi4VH4YhllksR3Dx2w6VbWJh155PBkGu3sDDxbHeFEugNhGZx3i-Fje3aF348PSn2Q",
  "payload": "ewogICJjc3IiOiAiTUlJQkpEQ0Jxd0lCQURBQU1IWXdFQVlIS29aSXpqMENBUVlGSzRFRUFDSURZZ0FFV0NaMTZ1b3U5aEhwdkFVem5oY3pudEM3T2x0OU0xOGh3aHotcnJlRlQyY2tUM29jci1mdnFrMGdzZ0NCVlU4eDhDcDNTdnFiOFhtRnQzWm5lemFWY2pueFBqQ1VFTkpiMWJheFdRTjFTWXpiU21wSWFkc1ZBbjBxQWs0NVotZkVvQ3d3S2dZSktvWklodmNOQVFrT01SMHdHekFaQmdOVkhSRUVFakFRZ2c1eVpXbG5hR3QxWjI5c0xtTnZiVEFLQmdncWhrak9QUVFEQWdOb0FEQmxBakVBMWJCT2t2a3lucDQ4dlFpMXNwM2hRbDl0ek9YRkNDRTFVeXAyQXd0eEVZcW01VnBpd2VBaGg4ZkhNelMzaFBRakFqQktkYVVqU3FVSG83NlNCYmdzMXByV0JieFZMc2tQQ2ZhN1p5dzNNWW55WngwRGhPM3Njb3EwQXhtZ1VRZUNKQUEiCn0"
}
2025-12-10 15:34:15,461:DEBUG:urllib3.connectionpool:https://acme-v02.api.letsencrypt.org:443 "POST /acme/finalize/2867133996/457432464366 HTTP/1.1" 200 450
2025-12-10 15:34:15,462:DEBUG:acme.client:Received response:
HTTP 200
Server: nginx
Date: Wed, 10 Dec 2025 15:34:15 GMT
Content-Type: application/json
Content-Length: 450
Connection: keep-alive
Boulder-Requester: 2867133996
Cache-Control: public, max-age=0, no-cache
Link: <https://acme-v02.api.letsencrypt.org/directory>;rel="index"
Location: https://acme-v02.api.letsencrypt.org/acme/order/2867133996/457432464366
Replay-Nonce: 61kU_lFIyuXfWdEueO94NhpOOkoXiL0Bwf0nMvCLGwmG-RbTa04
X-Frame-Options: DENY
Strict-Transport-Security: max-age=604800

{
  "status": "valid",
  "expires": "2025-12-17T15:34:10Z",
  "identifiers": [
    {
      "type": "dns",
      "value": "reighkugol.com"
    }
  ],
  "authorizations": [
    "https://acme-v02.api.letsencrypt.org/acme/authz/2867133996/625486871566"
  ],
  "finalize": "https://acme-v02.api.letsencrypt.org/acme/finalize/2867133996/457432464366",
  "certificate": "https://acme-v02.api.letsencrypt.org/acme/cert/05b6accf594fa8d83835c7fa4a7357324106"
}
2025-12-10 15:34:15,462:DEBUG:acme.client:Storing nonce: 61kU_lFIyuXfWdEueO94NhpOOkoXiL0Bwf0nMvCLGwmG-RbTa04
2025-12-10 15:34:16,463:DEBUG:acme.client:JWS payload:
b''
2025-12-10 15:34:16,465:DEBUG:acme.client:Sending POST request to https://acme-v02.api.letsencrypt.org/acme/order/2867133996/457432464366:
{
  "protected": "eyJhbGciOiAiUlMyNTYiLCAia2lkIjogImh0dHBzOi8vYWNtZS12MDIuYXBpLmxldHNlbmNyeXB0Lm9yZy9hY21lL2FjY3QvMjg2NzEzMzk5NiIsICJub25jZSI6ICI2MWtVX2xGSXl1WGZXZEV1ZU85NE5ocE9Pa29YaUwwQndmMG5NdkNMR3dtRy1SYlRhMDQiLCAidXJsIjogImh0dHBzOi8vYWNtZS12MDIuYXBpLmxldHNlbmNyeXB0Lm9yZy9hY21lL29yZGVyLzI4NjcxMzM5OTYvNDU3NDMyNDY0MzY2In0",
  "signature": "AVM6vFd01U3TLJh9PV69yhuTIL3j0gbZNTob7oPNI4HTv6qRF-mpMra66HGAdfZvKfXoqPRKK8ITOjBIxbJ-T6TiwQ_WF6fmbl44bmz1nFGnIrOfbr7pT9Cdxdeq7yeKHCr_wDy9vTQaPAClLwJcG6pUgTEeJWkfCrHLmA5XlmOH2avxdTfbrriAnxXRwaLIDnNdsOHhoR4u0PV612QSnMV6tGPK7VSmOCbbO3CwCDFzUOGSY3FeNKZvioMYogwnmoX1oY6UJjkbMDXGSYZYLbfV3-y_3lrdQFNrkF6pHOBxOSDRHBeZQcNS048r0qbNado5mQhwtGK9_szalQevjg",
  "payload": ""
}
2025-12-10 15:34:16,523:DEBUG:urllib3.connectionpool:https://acme-v02.api.letsencrypt.org:443 "POST /acme/order/2867133996/457432464366 HTTP/1.1" 200 450
2025-12-10 15:34:16,524:DEBUG:acme.client:Received response:
HTTP 200
Server: nginx
Date: Wed, 10 Dec 2025 15:34:16 GMT
Content-Type: application/json
Content-Length: 450
Connection: keep-alive
Cache-Control: public, max-age=0, no-cache
Link: <https://acme-v02.api.letsencrypt.org/directory>;rel="index"
Location: https://acme-v02.api.letsencrypt.org/acme/order/2867133996/457432464366
Replay-Nonce: vDSEep9ot-Cw0G4ZwB7LQLDrZmsYYWr5khwc0oI-6ye0UVhP9OI
X-Frame-Options: DENY
Strict-Transport-Security: max-age=604800

{
  "status": "valid",
  "expires": "2025-12-17T15:34:10Z",
  "identifiers": [
    {
      "type": "dns",
      "value": "reighkugol.com"
    }
  ],
  "authorizations": [
    "https://acme-v02.api.letsencrypt.org/acme/authz/2867133996/625486871566"
  ],
  "finalize": "https://acme-v02.api.letsencrypt.org/acme/finalize/2867133996/457432464366",
  "certificate": "https://acme-v02.api.letsencrypt.org/acme/cert/05b6accf594fa8d83835c7fa4a7357324106"
}
2025-12-10 15:34:16,524:DEBUG:acme.client:Storing nonce: vDSEep9ot-Cw0G4ZwB7LQLDrZmsYYWr5khwc0oI-6ye0UVhP9OI
2025-12-10 15:34:16,525:DEBUG:acme.client:JWS payload:
b''
2025-12-10 15:34:16,526:DEBUG:acme.client:Sending POST request to https://acme-v02.api.letsencrypt.org/acme/cert/05b6accf594fa8d83835c7fa4a7357324106:
{
  "protected": "eyJhbGciOiAiUlMyNTYiLCAia2lkIjogImh0dHBzOi8vYWNtZS12MDIuYXBpLmxldHNlbmNyeXB0Lm9yZy9hY21lL2FjY3QvMjg2NzEzMzk5NiIsICJub25jZSI6ICJ2RFNFZXA5b3QtQ3cwRzRad0I3TFFMRHJabXNZWVdyNWtod2Mwb0ktNnllMFVWaFA5T0kiLCAidXJsIjogImh0dHBzOi8vYWNtZS12MDIuYXBpLmxldHNlbmNyeXB0Lm9yZy9hY21lL2NlcnQvMDViNmFjY2Y1OTRmYThkODM4MzVjN2ZhNGE3MzU3MzI0MTA2In0",
  "signature": "c1_F7227L-OYgVoAX415F0Y9GQtV2QDjEcfFMDtiGTbvuGKPgJ4HEsPpoIICVGf0PU-UaM4hsQpfbklD_XgIbfwu5IPfcQNdLQ1iijYq_Givq06-kgmaJTXdekELbw1nUvfdlFCs8Uq4rkaMRngKg2UBbwMIM_J_0Umxou6-mlWYpF_uLxEiIXPks2WZgXODL3kUGiCSK5i5U3jqBMXsu6c1jVKm8ZEhhnrrvOrug26DDt80jlNid9f2TwtQoVZ1IX7FRpkFNrHvCnJb-3bfAq6HX0lLAXn4gQu-9yyY0jRnqW1Gcb6yNjwQ4bYN6S9uXt45F6lMImdYiKSchpDQvg",
  "payload": ""
}
2025-12-10 15:34:16,584:DEBUG:urllib3.connectionpool:https://acme-v02.api.letsencrypt.org:443 "POST /acme/cert/05b6accf594fa8d83835c7fa4a7357324106 HTTP/1.1" 200 2905
2025-12-10 15:34:16,585:DEBUG:acme.client:Received response:
HTTP 200
Server: nginx
Date: Wed, 10 Dec 2025 15:34:16 GMT
Content-Type: application/pem-certificate-chain
Content-Length: 2905
Connection: keep-alive
Cache-Control: public, max-age=0, no-cache
Link: <https://acme-v02.api.letsencrypt.org/directory>;rel="index", <https://acme-v02.api.letsencrypt.org/acme/cert/05b6accf594fa8d83835c7fa4a7357324106/1>;rel="alternate"
Replay-Nonce: 61kU_lFIeVjqzEC9WjZArHd2qRjEL3R3E5Cqg5poADnGETYUSbU
X-Frame-Options: DENY
Strict-Transport-Security: max-age=604800

-----BEGIN CERTIFICATE-----
MIIDrjCCAzSgAwIBAgISBbasz1lPqNg4Ncf6SnNXMkEGMAoGCCqGSM49BAMDMDIx
CzAJBgNVBAYTAlVTMRYwFAYDVQQKEw1MZXQncyBFbmNyeXB0MQswCQYDVQQDEwJF
ODAeFw0yNTEyMTAxNDM1NDVaFw0yNjAzMTAxNDM1NDRaMBkxFzAVBgNVBAMTDnJl
aWdoa3Vnb2wuY29tMHYwEAYHKoZIzj0CAQYFK4EEACIDYgAEWCZ16uou9hHpvAUz
nhczntC7Olt9M18hwhz+rreFT2ckT3ocr+fvqk0gsgCBVU8x8Cp3Svqb8XmFt3Zn
ezaVcjnxPjCUENJb1baxWQN1SYzbSmpIadsVAn0qAk45Z+fEo4ICJDCCAiAwDgYD
VR0PAQH/BAQDAgeAMB0GA1UdJQQWMBQGCCsGAQUFBwMBBggrBgEFBQcDAjAMBgNV
HRMBAf8EAjAAMB0GA1UdDgQWBBSGraq1HmmWVTbHR0tZytFncJsQ0DAfBgNVHSME
GDAWgBSPDROi9i5+0VBsMxg4XVmOI3KRyjAyBggrBgEFBQcBAQQmMCQwIgYIKwYB
BQUHMAKGFmh0dHA6Ly9lOC5pLmxlbmNyLm9yZy8wGQYDVR0RBBIwEIIOcmVpZ2hr
dWdvbC5jb20wEwYDVR0gBAwwCjAIBgZngQwBAgEwLAYDVR0fBCUwIzAhoB+gHYYb
aHR0cDovL2U4LmMubGVuY3Iub3JnLzcuY3JsMIIBDQYKKwYBBAHWeQIEAgSB/gSB
+wD5AH4AcX6V88I4im2x44RJPTHhWqliCHYtQgDgBQzQZ7WmYeIAAAGbCOYWDAAI
AAAFAAPQINkEAwBHMEUCIEjmEHyxOroTMcty0ouchntj3mDSgB6tGxXXxliMbm4h
AiEAs4EqPYLMsdpfSY/74qZHq5wFufyqKETt9EOxU/nWZJ8AdwCWl2S/VViXrfdD
h2g3CEJ36fA61fak8zZuRqQ/D8qpxgAAAZsI5hXeAAAEAwBIMEYCIQDA0ymWDCpz
qLxrP+Xoan8xyfY/i4bXQJOUiOxItKT/UAIhAOFr3eOlA/9ehEYsd1abEU89iQnB
u4H1PmYro1q4SM/OMAoGCCqGSM49BAMDA2gAMGUCMQD7L0e/iIzjNc7pZtdmLZDW
/B6Njm+DFPTQTrtlg31ppC8e8Fbp+e5aAyaoQdANH4YCMACONlZiRMPAn0pBetcb
2+eCMWFWdJaM8JAygxGDRstCGXb4w5Vznb6cjgb7DRRlYw==
-----END CERTIFICATE-----

-----BEGIN CERTIFICATE-----
MIIEVjCCAj6gAwIBAgIQY5WTY8JOcIJxWRi/w9ftVjANBgkqhkiG9w0BAQsFADBP
MQswCQYDVQQGEwJVUzEpMCcGA1UEChMgSW50ZXJuZXQgU2VjdXJpdHkgUmVzZWFy
Y2ggR3JvdXAxFTATBgNVBAMTDElTUkcgUm9vdCBYMTAeFw0yNDAzMTMwMDAwMDBa
Fw0yNzAzMTIyMzU5NTlaMDIxCzAJBgNVBAYTAlVTMRYwFAYDVQQKEw1MZXQncyBF
bmNyeXB0MQswCQYDVQQDEwJFODB2MBAGByqGSM49AgEGBSuBBAAiA2IABNFl8l7c
S7QMApzSsvru6WyrOq44ofTUOTIzxULUzDMMNMchIJBwXOhiLxxxs0LXeb5GDcHb
R6EToMffgSZjO9SNHfY9gjMy9vQr5/WWOrQTZxh7az6NSNnq3u2ubT6HTKOB+DCB
9TAOBgNVHQ8BAf8EBAMCAYYwHQYDVR0lBBYwFAYIKwYBBQUHAwIGCCsGAQUFBwMB
MBIGA1UdEwEB/wQIMAYBAf8CAQAwHQYDVR0OBBYEFI8NE6L2Ln7RUGwzGDhdWY4j
cpHKMB8GA1UdIwQYMBaAFHm0WeZ7tuXkAXOACIjIGlj26ZtuMDIGCCsGAQUFBwEB
BCYwJDAiBggrBgEFBQcwAoYWaHR0cDovL3gxLmkubGVuY3Iub3JnLzATBgNVHSAE
DDAKMAgGBmeBDAECATAnBgNVHR8EIDAeMBygGqAYhhZodHRwOi8veDEuYy5sZW5j
ci5vcmcvMA0GCSqGSIb3DQEBCwUAA4ICAQBnE0hGINKsCYWi0Xx1ygxD5qihEjZ0
RI3tTZz1wuATH3ZwYPIp97kWEayanD1j0cDhIYzy4CkDo2jB8D5t0a6zZWzlr98d
AQFNh8uKJkIHdLShy+nUyeZxc5bNeMp1Lu0gSzE4McqfmNMvIpeiwWSYO9w82Ob8
otvXcO2JUYi3svHIWRm3+707DUbL51XMcY2iZdlCq4Wa9nbuk3WTU4gr6LY8MzVA
aDQG2+4U3eJ6qUF10bBnR1uuVyDYs9RhrwucRVnfuDj29CMLTsplM5f5wSV5hUpm
Uwp/vV7M4w4aGunt74koX71n4EdagCsL/Yk5+mAQU0+tue0JOfAV/R6t1k+Xk9s2
HMQFeoxppfzAVC04FdG9M+AC2JWxmFSt6BCuh3CEey3fE52Qrj9YM75rtvIjsm/1
Hl+u//Wqxnu1ZQ4jpa+VpuZiGOlWrqSP9eogdOhCGisnyewWJwRQOqK16wiGyZeR
xs/Bekw65vwSIaVkBruPiTfMOo0Zh4gVa8/qJgMbJbyrwwG97z/PRgmLKCDl8z3d
tA0Z7qq7fta0Gl24uyuB05dqI5J1LvAzKuWdIjT1tP8qCoxSE/xpix8hX2dt3h+/
jujUgFPFZ0EVZ0xSyBNRF3MboGZnYXFUxpNjTWPKpagDHJQmqrAcDmWJnMsFY3jS
u1igv3OefnWjSQ==
-----END CERTIFICATE-----

2025-12-10 15:34:16,585:DEBUG:acme.client:Storing nonce: 61kU_lFIeVjqzEC9WjZArHd2qRjEL3R3E5Cqg5poADnGETYUSbU
2025-12-10 15:34:16,585:DEBUG:acme.client:JWS payload:
b''
2025-12-10 15:34:16,587:DEBUG:acme.client:Sending POST request to https://acme-v02.api.letsencrypt.org/acme/cert/05b6accf594fa8d83835c7fa4a7357324106/1:
{
  "protected": "eyJhbGciOiAiUlMyNTYiLCAia2lkIjogImh0dHBzOi8vYWNtZS12MDIuYXBpLmxldHNlbmNyeXB0Lm9yZy9hY21lL2FjY3QvMjg2NzEzMzk5NiIsICJub25jZSI6ICI2MWtVX2xGSWVWanF6RUM5V2paQXJIZDJxUmpFTDNSM0U1Q3FnNXBvQURuR0VUWVVTYlUiLCAidXJsIjogImh0dHBzOi8vYWNtZS12MDIuYXBpLmxldHNlbmNyeXB0Lm9yZy9hY21lL2NlcnQvMDViNmFjY2Y1OTRmYThkODM4MzVjN2ZhNGE3MzU3MzI0MTA2LzEifQ",
  "signature": "cER6NzhG0WCKsGHRPH6LS1Tik4A7ahIqCk4j4i0JnFUCFEdt4e_zz_t3qinXYLaI7nh99Tr8ZvGHqSrKjJrW-ohN41GBRljND0fjZu7v76gxhyoML220N7c0F2VxtXQm12TFfHOIjUW9sKnaPDGVqoXm19M-VjO5ZsCZvf-PYo5E60IpsdwnGv_T2kTVlXwIjgqR3ue3M4Ip6iUZ1j2Y3C1UG4f0wnFuwiKkITVLuHGQWjVqf3iPvYktYyU4O0Jy_oWL9TkLYQ0e7xosF0kNtKJN3kI-8shtgk_9379OVp_qG3so8FaMmfYLnIUgpfNiS67xyrWTCVRjObeBPe-t-w",
  "payload": ""
}
2025-12-10 15:34:16,643:DEBUG:urllib3.connectionpool:https://acme-v02.api.letsencrypt.org:443 "POST /acme/cert/05b6accf594fa8d83835c7fa4a7357324106/1 HTTP/1.1" 200 2340
2025-12-10 15:34:16,644:DEBUG:acme.client:Received response:
HTTP 200
Server: nginx
Date: Wed, 10 Dec 2025 15:34:16 GMT
Content-Type: application/pem-certificate-chain
Content-Length: 2340
Connection: keep-alive
Cache-Control: public, max-age=0, no-cache
Link: <https://acme-v02.api.letsencrypt.org/directory>;rel="index", <https://acme-v02.api.letsencrypt.org/acme/cert/05b6accf594fa8d83835c7fa4a7357324106/0>;rel="alternate"
Replay-Nonce: vDSEep9oZj8lF5Dj3dKMJbsJoS7lOaQzpQ5X8xu4-TsyyULHXMI
X-Frame-Options: DENY
Strict-Transport-Security: max-age=604800

-----BEGIN CERTIFICATE-----
MIIDrjCCAzSgAwIBAgISBbasz1lPqNg4Ncf6SnNXMkEGMAoGCCqGSM49BAMDMDIx
CzAJBgNVBAYTAlVTMRYwFAYDVQQKEw1MZXQncyBFbmNyeXB0MQswCQYDVQQDEwJF
ODAeFw0yNTEyMTAxNDM1NDVaFw0yNjAzMTAxNDM1NDRaMBkxFzAVBgNVBAMTDnJl
aWdoa3Vnb2wuY29tMHYwEAYHKoZIzj0CAQYFK4EEACIDYgAEWCZ16uou9hHpvAUz
nhczntC7Olt9M18hwhz+rreFT2ckT3ocr+fvqk0gsgCBVU8x8Cp3Svqb8XmFt3Zn
ezaVcjnxPjCUENJb1baxWQN1SYzbSmpIadsVAn0qAk45Z+fEo4ICJDCCAiAwDgYD
VR0PAQH/BAQDAgeAMB0GA1UdJQQWMBQGCCsGAQUFBwMBBggrBgEFBQcDAjAMBgNV
HRMBAf8EAjAAMB0GA1UdDgQWBBSGraq1HmmWVTbHR0tZytFncJsQ0DAfBgNVHSME
GDAWgBSPDROi9i5+0VBsMxg4XVmOI3KRyjAyBggrBgEFBQcBAQQmMCQwIgYIKwYB
BQUHMAKGFmh0dHA6Ly9lOC5pLmxlbmNyLm9yZy8wGQYDVR0RBBIwEIIOcmVpZ2hr
dWdvbC5jb20wEwYDVR0gBAwwCjAIBgZngQwBAgEwLAYDVR0fBCUwIzAhoB+gHYYb
aHR0cDovL2U4LmMubGVuY3Iub3JnLzcuY3JsMIIBDQYKKwYBBAHWeQIEAgSB/gSB
+wD5AH4AcX6V88I4im2x44RJPTHhWqliCHYtQgDgBQzQZ7WmYeIAAAGbCOYWDAAI
AAAFAAPQINkEAwBHMEUCIEjmEHyxOroTMcty0ouchntj3mDSgB6tGxXXxliMbm4h
AiEAs4EqPYLMsdpfSY/74qZHq5wFufyqKETt9EOxU/nWZJ8AdwCWl2S/VViXrfdD
h2g3CEJ36fA61fak8zZuRqQ/D8qpxgAAAZsI5hXeAAAEAwBIMEYCIQDA0ymWDCpz
qLxrP+Xoan8xyfY/i4bXQJOUiOxItKT/UAIhAOFr3eOlA/9ehEYsd1abEU89iQnB
u4H1PmYro1q4SM/OMAoGCCqGSM49BAMDA2gAMGUCMQD7L0e/iIzjNc7pZtdmLZDW
/B6Njm+DFPTQTrtlg31ppC8e8Fbp+e5aAyaoQdANH4YCMACONlZiRMPAn0pBetcb
2+eCMWFWdJaM8JAygxGDRstCGXb4w5Vznb6cjgb7DRRlYw==
-----END CERTIFICATE-----

-----BEGIN CERTIFICATE-----
MIICtTCCAjugAwIBAgIQfo8UX4exWTMtf9QIK4JraTAKBggqhkjOPQQDAzBPMQsw
CQYDVQQGEwJVUzEpMCcGA1UEChMgSW50ZXJuZXQgU2VjdXJpdHkgUmVzZWFyY2gg
R3JvdXAxFTATBgNVBAMTDElTUkcgUm9vdCBYMjAeFw0yNDAzMTMwMDAwMDBaFw0y
NzAzMTIyMzU5NTlaMDIxCzAJBgNVBAYTAlVTMRYwFAYDVQQKEw1MZXQncyBFbmNy
eXB0MQswCQYDVQQDEwJFODB2MBAGByqGSM49AgEGBSuBBAAiA2IABNFl8l7cS7QM
ApzSsvru6WyrOq44ofTUOTIzxULUzDMMNMchIJBwXOhiLxxxs0LXeb5GDcHbR6ET
oMffgSZjO9SNHfY9gjMy9vQr5/WWOrQTZxh7az6NSNnq3u2ubT6HTKOB+DCB9TAO
BgNVHQ8BAf8EBAMCAYYwHQYDVR0lBBYwFAYIKwYBBQUHAwIGCCsGAQUFBwMBMBIG
A1UdEwEB/wQIMAYBAf8CAQAwHQYDVR0OBBYEFI8NE6L2Ln7RUGwzGDhdWY4jcpHK
MB8GA1UdIwQYMBaAFHxClq7eS0g7+pL4nozPbYupcjeVMDIGCCsGAQUFBwEBBCYw
JDAiBggrBgEFBQcwAoYWaHR0cDovL3gyLmkubGVuY3Iub3JnLzATBgNVHSAEDDAK
MAgGBmeBDAECATAnBgNVHR8EIDAeMBygGqAYhhZodHRwOi8veDIuYy5sZW5jci5v
cmcvMAoGCCqGSM49BAMDA2gAMGUCMQClsUNJdX36GE+o2yDf7L02m3P3ElVWRLls
5ZyLYPjcNamBxRB9gZYoj24mGZtP3GkCMASZcALg6kpScomqIIjVHXRUQ500cdl4
4n7fhxwokLo/lVlO8YyHwAi7ejTHtvw9Vg==
-----END CERTIFICATE-----

2025-12-10 15:34:16,644:DEBUG:acme.client:Storing nonce: vDSEep9oZj8lF5Dj3dKMJbsJoS7lOaQzpQ5X8xu4-TsyyULHXMI
2025-12-10 15:34:16,647:INFO:certbot._internal.client:Non-standard path(s), might not work with crontab installed by your operating system package manager
2025-12-10 15:34:16,647:DEBUG:certbot._internal.storage:Creating directory /etc/letsencrypt/archive.
2025-12-10 15:34:16,648:DEBUG:certbot._internal.storage:Creating directory /etc/letsencrypt/live.
2025-12-10 15:34:16,648:DEBUG:certbot._internal.storage:Writing README to /etc/letsencrypt/live/README.
2025-12-10 15:34:16,648:DEBUG:certbot._internal.storage:Creating directory /etc/letsencrypt/archive/npm-1.
2025-12-10 15:34:16,649:DEBUG:certbot._internal.storage:Creating directory /etc/letsencrypt/live/npm-1.
2025-12-10 15:34:16,649:DEBUG:certbot._internal.storage:Writing certificate to /etc/letsencrypt/live/npm-1/cert.pem.
2025-12-10 15:34:16,649:DEBUG:certbot._internal.storage:Writing private key to /etc/letsencrypt/live/npm-1/privkey.pem.
2025-12-10 15:34:16,649:DEBUG:certbot._internal.storage:Writing chain to /etc/letsencrypt/live/npm-1/chain.pem.
2025-12-10 15:34:16,649:DEBUG:certbot._internal.storage:Writing full chain to /etc/letsencrypt/live/npm-1/fullchain.pem.
2025-12-10 15:34:16,650:DEBUG:certbot._internal.storage:Writing README to /etc/letsencrypt/live/npm-1/README.
2025-12-10 15:34:16,665:DEBUG:certbot.configuration:Var account=0a0c5fa64937f147fd2f91079592ad3a (set by user).
2025-12-10 15:34:16,665:DEBUG:certbot.configuration:Var key_type=ecdsa (set by user).
2025-12-10 15:34:16,665:DEBUG:certbot.configuration:Var elliptic_curve=secp384r1 (set by user).
2025-12-10 15:34:16,666:DEBUG:certbot.configuration:Var preferred_chain=ISRG Root X1 (set by user).
2025-12-10 15:34:16,666:DEBUG:certbot.configuration:Var pref_challs=['http-01'] (set by user).
2025-12-10 15:34:16,666:DEBUG:certbot.configuration:Var config_dir=/etc/letsencrypt (set by user).
2025-12-10 15:34:16,666:DEBUG:certbot.configuration:Var work_dir=/tmp/letsencrypt-lib (set by user).
2025-12-10 15:34:16,666:DEBUG:certbot.configuration:Var logs_dir=/data/logs (set by user).
2025-12-10 15:34:16,666:DEBUG:certbot._internal.plugins.selection:Requested authenticator webroot and installer None
2025-12-10 15:34:16,667:DEBUG:certbot._internal.plugins.selection:Requested authenticator webroot and installer None
2025-12-10 15:34:16,667:DEBUG:certbot.configuration:Var webroot_path=['/data/letsencrypt-acme-challenge'] (set by user).
2025-12-10 15:34:16,667:DEBUG:certbot.configuration:Var webroot_map={'reighkugol.com': '/data/letsencrypt-acme-challenge'} (set by user).
2025-12-10 15:34:16,670:DEBUG:certbot._internal.display.obj:Notifying user: 
Successfully received certificate.
Certificate is saved at: /etc/letsencrypt/live/npm-1/fullchain.pem
Key is saved at:         /etc/letsencrypt/live/npm-1/privkey.pem
This certificate expires on 2026-03-10.
These files will be updated when the certificate renews.
2025-12-10 15:34:16,670:DEBUG:certbot._internal.display.obj:Notifying user: NEXT STEPS:
2025-12-10 15:34:16,670:DEBUG:certbot._internal.display.obj:Notifying user: - The certificate will need to be renewed before it expires. Certbot can automatically renew the certificate in the background, but you may need to take steps to enable that functionality. See https://certbot.org/renewal-setup for instructions.
2025-12-10 15:34:16,674:DEBUG:certbot._internal.display.obj:Notifying user: If you like Certbot, please consider supporting our work by:
 * Donating to ISRG / Let's Encrypt:   https://letsencrypt.org/donate
 * Donating to EFF:                    https://eff.org/donate-le
